---
source: router-bridge/src/planner.rs
expression: "&format!(\"{query_plan1:#?}\")"
---
PlanErrors {
    errors: [
        PlanError {
            message: Some(
                "Cannot query field \"body\" on type \"Review\".",
            ),
            extensions: Some(
                PlanErrorExtensions {
                    code: "GRAPHQL_VALIDATION_FAILED",
                    exception: None,
                },
            ),
        },
    ],
    usage_reporting: UsageReporting {
        stats_report_key: "## GraphQLValidationFailure\n",
        referenced_fields_by_type: {},
    },
}
