---
source: router-bridge/src/planner.rs
assertion_line: 614
expression: "serde_json::to_string_pretty(&payload.data).unwrap()"
---
{
  "queryPlan": {
    "kind": "QueryPlan",
    "node": {
      "kind": "Fetch",
      "serviceName": "accounts",
      "variableUsages": [],
      "operation": "query MyFirstAndLastName__accounts__0{me{name{first last}}}",
      "operationKind": "query",
      "operationName": "MyFirstAndLastName__accounts__0",
      "operationDocumentNode": {
        "kind": "Document",
        "definitions": [
          {
            "kind": "OperationDefinition",
            "operation": "query",
            "name": {
              "kind": "Name",
              "value": "MyFirstAndLastName__accounts__0"
            },
            "selectionSet": {
              "kind": "SelectionSet",
              "selections": [
                {
                  "kind": "Field",
                  "name": {
                    "kind": "Name",
                    "value": "me"
                  },
                  "selectionSet": {
                    "kind": "SelectionSet",
                    "selections": [
                      {
                        "kind": "Field",
                        "name": {
                          "kind": "Name",
                          "value": "name"
                        },
                        "selectionSet": {
                          "kind": "SelectionSet",
                          "selections": [
                            {
                              "kind": "Field",
                              "name": {
                                "kind": "Name",
                                "value": "first"
                              }
                            },
                            {
                              "kind": "Field",
                              "name": {
                                "kind": "Name",
                                "value": "last"
                              }
                            }
                          ]
                        }
                      }
                    ]
                  }
                }
              ]
            }
          }
        ]
      }
    }
  },
  "formattedQueryPlan": "QueryPlan {\n  Fetch(service: \"accounts\") {\n    {\n      me {\n        name {\n          first\n          last\n        }\n      }\n    }\n  },\n}"
}
