---
source: router-bridge/src/planner.rs
expression: schema
---
directive @link(url: String, as: String, for: link__Purpose, import: [link__Import]) repeatable on SCHEMA

directive @key(fields: federation__FieldSet!, resolvable: Boolean = true) repeatable on OBJECT | INTERFACE

directive @requires(fields: federation__FieldSet!) on FIELD_DEFINITION

directive @provides(fields: federation__FieldSet!) on FIELD_DEFINITION

directive @external(reason: String) on OBJECT | FIELD_DEFINITION

directive @tag(name: String!) repeatable on FIELD_DEFINITION | OBJECT | INTERFACE | UNION | ARGUMENT_DEFINITION | SCALAR | ENUM | ENUM_VALUE | INPUT_OBJECT | INPUT_FIELD_DEFINITION | SCHEMA

directive @extends on OBJECT | INTERFACE

directive @shareable repeatable on OBJECT | FIELD_DEFINITION

directive @inaccessible on FIELD_DEFINITION | OBJECT | INTERFACE | UNION | ARGUMENT_DEFINITION | SCALAR | ENUM | ENUM_VALUE | INPUT_OBJECT | INPUT_FIELD_DEFINITION

directive @override(from: String!) on FIELD_DEFINITION

directive @composeDirective(name: String) repeatable on SCHEMA

directive @interfaceObject on OBJECT

directive @federation__authenticated on FIELD_DEFINITION | OBJECT | INTERFACE | SCALAR | ENUM

directive @federation__requiresScopes(scopes: [[federation__Scope!]!]!) on FIELD_DEFINITION | OBJECT | INTERFACE | SCALAR | ENUM

directive @stream on FIELD

directive @transform(from: String!) on FIELD

enum link__Purpose {
  """
  `SECURITY` features provide metadata necessary to securely resolve fields.
  """
  SECURITY

  """
  `EXECUTION` features provide metadata necessary for operation execution.
  """
  EXECUTION
}

scalar link__Import

scalar federation__FieldSet

scalar federation__Scope

type Amazon {
  referrer: String
}

type Book implements Product {
  upc: String!
  sku: String!
  name(delimeter: String = " "): String
  price: String
  details: ProductDetailsBook
  isbn: String!
  title: String
  year: Int
  inStock: Boolean
}

union Brand = Ikea | Amazon

type Car implements Vehicle {
  id: String!
  description: String
  price: String
  retailPrice: String
}

type Error {
  code: Int
  message: String
}

type Furniture implements Product {
  upc: String!
  sku: String!
  name: String
  price: String
  brand: Brand
  metadata: [MetadataOrError]
  details: ProductDetailsFurniture
  inStock: Boolean
}

type Ikea {
  asile: Int
}

type KeyValue {
  key: String!
  value: String!
}

union MetadataOrError = KeyValue | Error

interface Product {
  upc: String!
  sku: String!
  name: String
  price: String
  details: ProductDetails
  inStock: Boolean
}

interface ProductDetails {
  country: String
}

type ProductDetailsBook implements ProductDetails {
  country: String
  pages: Int
}

type ProductDetailsFurniture implements ProductDetails {
  country: String
  color: String
}

type Query {
  product(upc: String!): Product
  vehicle(id: String!): Vehicle
  topProducts(first: Int = 5): [Product]
  topCars(first: Int = 5): [Car]
  _entities(representations: [_Any!]!): [_Entity]!
  _service: _Service!
}

union Thing = Car | Ikea

type User {
  vehicle: Vehicle
  thing: Thing
  id: ID!
}

type Van implements Vehicle {
  id: String!
  description: String
  price: String
  retailPrice: String
}

interface Vehicle {
  id: String!
  description: String
  price: String
  retailPrice: String
}

scalar _Any

type _Service {
  sdl: String
}

union _Entity = Book | Car | Furniture | User | Van
