---
source: router-bridge/src/planner.rs
expression: "serde_json::to_string_pretty(&payload.usage_reporting).unwrap()"
---
{
  "statsReportKey": "# MyFirstAndLastName\nquery MyFirstAndLastName{me{name{first last}}}",
  "referencedFieldsByType": {
    "Query": {
      "fieldNames": [
        "me"
      ],
      "isInterface": false
    },
    "User": {
      "fieldNames": [
        "name"
      ],
      "isInterface": false
    },
    "Name": {
      "fieldNames": [
        "first",
        "last"
      ],
      "isInterface": false
    }
  }
}
