---
source: router-bridge/src/planner.rs
expression: payload.usage_reporting
---
{
  "statsReportKey": "# -\n{me{name{first last}}}",
  "referencedFieldsByType": {
    "Name": {
      "fieldNames": [
        "first",
        "last"
      ],
      "isInterface": false
    },
    "Query": {
      "fieldNames": [
        "me"
      ],
      "isInterface": false
    },
    "User": {
      "fieldNames": [
        "name"
      ],
      "isInterface": false
    }
  }
}
