---
source: router-bridge/src/planner.rs
expression: schema
---
schema
  @link(url: "https://specs.apollo.dev/link/v1.0")
  @link(url: "https://specs.apollo.dev/federation/v2.9", import: ["@key", "@requires", "@provides", "@external", "@tag", "@extends", "@shareable", "@inaccessible", "@override", "@composeDirective", "@interfaceObject"])
{
  query: Query
}

directive @link(url: String, as: String, for: link__Purpose, import: [link__Import]) repeatable on SCHEMA

directive @key(fields: federation__FieldSet!, resolvable: Boolean = true) repeatable on OBJECT | INTERFACE

directive @requires(fields: federation__FieldSet!) on FIELD_DEFINITION

directive @provides(fields: federation__FieldSet!) on FIELD_DEFINITION

directive @external(reason: String) on OBJECT | FIELD_DEFINITION

directive @tag(name: String!) repeatable on FIELD_DEFINITION | OBJECT | INTERFACE | UNION | ARGUMENT_DEFINITION | SCALAR | ENUM | ENUM_VALUE | INPUT_OBJECT | INPUT_FIELD_DEFINITION | SCHEMA

directive @extends on OBJECT | INTERFACE

directive @shareable repeatable on OBJECT | FIELD_DEFINITION

directive @inaccessible on FIELD_DEFINITION | OBJECT | INTERFACE | UNION | ARGUMENT_DEFINITION | SCALAR | ENUM | ENUM_VALUE | INPUT_OBJECT | INPUT_FIELD_DEFINITION

directive @override(from: String!, label: String) on FIELD_DEFINITION

directive @composeDirective(name: String) repeatable on SCHEMA

directive @interfaceObject on OBJECT

directive @federation__authenticated on FIELD_DEFINITION | OBJECT | INTERFACE | SCALAR | ENUM

directive @federation__requiresScopes(scopes: [[federation__Scope!]!]!) on FIELD_DEFINITION | OBJECT | INTERFACE | SCALAR | ENUM

directive @federation__policy(policies: [[federation__Policy!]!]!) on FIELD_DEFINITION | OBJECT | INTERFACE | SCALAR | ENUM

directive @federation__sourceAPI repeatable on SCHEMA

directive @federation__sourceType repeatable on OBJECT | INTERFACE

directive @federation__sourceField repeatable on FIELD_DEFINITION

directive @federation__context(name: String!) repeatable on INTERFACE | OBJECT | UNION

directive @federation__fromContext(field: federation__ContextFieldValue) on ARGUMENT_DEFINITION

directive @federation__cost(weight: Int!) on ARGUMENT_DEFINITION | ENUM | FIELD_DEFINITION | INPUT_FIELD_DEFINITION | OBJECT | SCALAR

directive @federation__listSize(assumedSize: Int, slicingArguments: [String!], sizedFields: [String!], requireOneSlicingArgument: Boolean = true) on FIELD_DEFINITION

directive @stream on FIELD

directive @transform(from: String!) on FIELD

enum link__Purpose {
  """
  `SECURITY` features provide metadata necessary to securely resolve fields.
  """
  SECURITY

  """
  `EXECUTION` features provide metadata necessary for operation execution.
  """
  EXECUTION
}

scalar link__Import

scalar federation__FieldSet

scalar federation__Scope

scalar federation__Policy

scalar federation__ContextFieldValue

union Body = Image | Text

type Image implements NamedObject {
  name: String!
  attributes: ImageAttributes!
}

type ImageAttributes {
  url: String!
}

interface NamedObject {
  name: String!
}

type Query {
  body: Body!
  _service: _Service!
}

type Text implements NamedObject {
  name: String!
  attributes: TextAttributes!
}

type TextAttributes {
  bold: Boolean
  text: String
}

scalar _Any

type _Service {
  sdl: String
}
